
LoadTool summary

  Script:      examples/thresholds.ts
  VUs:         10
  Duration:    30s (elapsed 30.00s)
  Status:      completed

  Requests:    3,000 (100.0 req/s)
  Success:     2,940
  Errors:      60 (2.00%)
  Script errs: 0

  Thresholds:  4 of 6 passed
    ✓ http_req_duration  p(95)<500   observed 13.00ms
    ✓ http_req_duration  p(99)<20.1  observed ≈20.05ms
    ✗ http_req_failed    rate<0.01   observed 0.0200 (2.00%)
    ✓ http_reqs          rate>50     observed 100.00/s
    ✓ iterations         count>1000  observed 3,000
    ✗ checks             rate>0.99   no data

  Latency (all requests sent, failed included):
    min       9.00ms
    mean     11.00ms
    p50      11.00ms
    p90      12.00ms
    p95      13.00ms
    p99      20.00ms
    max      30.00ms
  Latency (successful requests):
    p50      11.00ms
    p90      12.00ms
    p95      13.00ms
    p99      20.00ms
